******************************************************************************
                  TI ARM Linker Unix v18.1.1                   
******************************************************************************
>> Linked Wed Apr 25 18:21:30 2018

OUTPUT FILE NAME:   <MCT382.out>
ENTRY POINT SYMBOL: "_c_int00_noargs"  address: 000013ad


MEMORY CONFIGURATION

         name            origin    length      used     unused   attr    fill
----------------------  --------  ---------  --------  --------  ----  --------
  FLASH                 00000000   00040000  000016fa  0003e906  R  X
  SRAM                  20000000   00008000  00000215  00007deb  RW X


SEGMENT ALLOCATION MAP

run origin  load origin   length   init length attrs members
----------  ----------- ---------- ----------- ----- -------
00000000    00000000    00001700   00001700    r-x
  00000000    00000000    0000026c   0000026c    r-- .intvecs
  0000026c    0000026c    00001332   00001332    r-x .text
  000015a0    000015a0    0000012c   0000012c    r-- .const
  000016d0    000016d0    00000030   00000030    r-- .cinit
20000000    20000000    00000215   00000000    rw-
  20000000    20000000    00000200   00000000    rw- .stack
  20000200    20000200    0000000c   00000000    rw- .bss
  2000020c    2000020c    00000009   00000000    rw- .data


SECTION ALLOCATION MAP

 output                                  attributes/
section   page    origin      length       input sections
--------  ----  ----------  ----------   ----------------
.intvecs   0    00000000    0000026c     
                  00000000    0000026c     tm4c123gh6pm_startup_ccs.obj (.intvecs)

.text      0    0000026c    00001332     
                  0000026c    00000b80     main.obj (.text)
                  00000dec    00000132     driverlib.lib : gpio.obj (.text:GPIOPadConfigSet)
                  00000f1e    00000002     rtsv7M4_T_le_v4SPD16_eabi.lib : div0.asm.obj (.text)
                  00000f20    00000110     driverlib.lib : sysctl.obj (.text:SysCtlClockGet)
                  00001030    000000f4                   : sysctl.obj (.text:SysCtlClockSet)
                  00001124    0000009c     rtsv7M4_T_le_v4SPD16_eabi.lib : memcpy_t2.asm.obj (.text)
                  000011c0    00000068                                   : copy_decompress_lzss.c.obj (.text:decompress:lzss:__TI_decompress_lzss)
                  00001228    00000048     driverlib.lib : gpio.obj (.text:GPIOPinConfigure)
                  00001270    00000046                   : uart.obj (.text:UARTConfigSetExpClk)
                  000012b6    00000002     --HOLE-- [fill = 0]
                  000012b8    00000044     rtsv7M4_T_le_v4SPD16_eabi.lib : autoinit.c.obj (.text:__TI_auto_init_nobinit_nopinit:__TI_auto_init_nobinit_nopinit)
                  000012fc    00000040                                   : u_divt2.asm.obj (.text)
                  0000133c    00000038     driverlib.lib : sysctl.obj (.text:SysCtlPeripheralPresent)
                  00001374    00000038                   : sysctl.obj (.text:SysCtlPeripheralReady)
                  000013ac    00000038     rtsv7M4_T_le_v4SPD16_eabi.lib : boot_cortex_m.c.obj (.text:_c_int00_noargs:_c_int00_noargs)
                  000013e4    00000034     driverlib.lib : sysctl.obj (.text:SysCtlPeripheralEnable)
                  00001418    0000002a                   : gpio.obj (.text:GPIODirModeSet)
                  00001442    00000022                   : pwm.obj (.text:PWMGenConfigure)
                  00001464    00000020                   : uart.obj (.text:UARTDisable)
                  00001484    0000001e                   : pwm.obj (.text:PWMPulseWidthSet)
                  000014a2    00000018                   : gpio.obj (.text:GPIOPinTypeGPIOOutput)
                  000014ba    00000002     --HOLE-- [fill = 0]
                  000014bc    00000014                   : sysctl.obj (.text:SysCtlPWMClockSet)
                  000014d0    00000014                   : uart.obj (.text:UARTEnable)
                  000014e4    00000012                   : gpio.obj (.text:GPIOPinTypePWM)
                  000014f6    00000012                   : gpio.obj (.text:GPIOPinTypeUART)
                  00001508    00000012                   : pwm.obj (.text:PWMOutputState)
                  0000151a    00000012     rtsv7M4_T_le_v4SPD16_eabi.lib : copy_zero_init.c.obj (.text:decompress:ZI:__TI_zero_init_nomemset:__TI_zero_init_nomemset)
                  0000152c    00000010     driverlib.lib : pwm.obj (.text:PWMGenPeriodSet)
                  0000153c    0000000e                   : uart.obj (.text:UARTCharsAvail)
                  0000154a    0000000e     rtsv7M4_T_le_v4SPD16_eabi.lib : copy_decompress_none.c.obj (.text:decompress:none:__TI_decompress_none)
                  00001558    0000000c     driverlib.lib : pwm.obj (.text:PWMGenEnable)
                  00001564    0000000c     tm4c123gh6pm_startup_ccs.obj (.text)
                  00001570    0000000a     driverlib.lib : uart.obj (.text:UARTCharGet)
                  0000157a    0000000a                   : uart.obj (.text:UARTCharPut)
                  00001584    00000006                   : gpio.obj (.text:GPIOPinWrite)
                  0000158a    00000006                   : sysctl.obj (.text:SysCtlDelay)
                  00001590    00000006                   : uart.obj (.text:UARTClockSourceSet)
                  00001596    00000004     rtsv7M4_T_le_v4SPD16_eabi.lib : pre_init.c.obj (.text:_system_pre_init)
                  0000159a    00000004                                   : exit.c.obj (.text:abort:abort)

.const     0    000015a0    0000012c     
                  000015a0    00000090     driverlib.lib : gpio.obj (.const:g_pui32GPIOBaseAddrs)
                  00001630    0000006c                   : sysctl.obj (.const:g_pui32Xtals)
                  0000169c    00000012     main.obj (.const:.string)
                  000016ae    00000002     --HOLE-- [fill = 0]
                  000016b0    0000000c     main.obj (.const:g_ui32UARTBase)
                  000016bc    0000000c     main.obj (.const:g_ui32UARTPeriph)
                  000016c8    00000004     main.obj (.const)

.cinit     0    000016d0    00000030     
                  000016d0    0000000c     (__TI_handler_table)
                  000016dc    0000000b     (.cinit..data.load) [load image, compression = lzss]
                  000016e7    00000001     --HOLE-- [fill = 0]
                  000016e8    00000008     (.cinit..bss.load) [load image, compression = zero_init]
                  000016f0    00000010     (__TI_cinit_table)

.init_array 
*          0    00000000    00000000     UNINITIALIZED

.bss       0    20000200    0000000c     UNINITIALIZED
                  20000200    0000000c     (.common:c)

.data      0    2000020c    00000009     UNINITIALIZED
                  2000020c    00000009     main.obj (.data)

.stack     0    20000000    00000200     UNINITIALIZED
                  20000000    00000004     rtsv7M4_T_le_v4SPD16_eabi.lib : boot_cortex_m.c.obj (.stack)
                  20000004    000001fc     --HOLE--

MODULE SUMMARY

       Module                         code   ro data   rw data
       ------                         ----   -------   -------
    ./
       main.obj                       2944   46        21     
       tm4c123gh6pm_startup_ccs.obj   12     620       0      
    +--+------------------------------+------+---------+---------+
       Total:                         2956   666       21     
                                                              
    /home/mustafaismail/CCS8.0.0.00016_linux-x64/driverlib/ccs/Debug/driverlib.lib
       sysctl.obj                     706    108       0      
       gpio.obj                       486    144       0      
       uart.obj                       162    0         0      
       pwm.obj                        110    0         0      
    +--+------------------------------+------+---------+---------+
       Total:                         1464   252       0      
                                                              
    /home/mustafaismail/ti/ccsv8/tools/compiler/ti-cgt-arm_18.1.1.LTS/lib/rtsv7M4_T_le_v4SPD16_eabi.lib
       memcpy_t2.asm.obj              156    0         0      
       copy_decompress_lzss.c.obj     104    0         0      
       autoinit.c.obj                 68     0         0      
       u_divt2.asm.obj                64     0         0      
       boot_cortex_m.c.obj            56     0         0      
       copy_zero_init.c.obj           18     0         0      
       copy_decompress_none.c.obj     14     0         0      
       exit.c.obj                     4      0         0      
       pre_init.c.obj                 4      0         0      
       div0.asm.obj                   2      0         0      
    +--+------------------------------+------+---------+---------+
       Total:                         490    0         0      
                                                              
       Stack:                         0      0         512    
       Linker Generated:              0      47        0      
    +--+------------------------------+------+---------+---------+
       Grand Total:                   4910   965       533    


LINKER GENERATED COPY TABLES

__TI_cinit_table @ 000016f0 records: 2, size/record: 8, table size: 16
	.data: load addr=000016dc, load size=0000000b bytes, run addr=2000020c, run size=00000009 bytes, compression=lzss
	.bss: load addr=000016e8, load size=00000008 bytes, run addr=20000200, run size=0000000c bytes, compression=zero_init


LINKER GENERATED HANDLER TABLE

__TI_handler_table @ 000016d0 records: 3, size/record: 4, table size: 12
	index: 0, handler: __TI_decompress_lzss
	index: 1, handler: __TI_decompress_none
	index: 2, handler: __TI_zero_init


GLOBAL SYMBOLS: SORTED ALPHABETICALLY BY Name 

address   name                          
-------   ----                          
0000159b  C$$EXIT                       
00001419  GPIODirModeSet                
00000ded  GPIOPadConfigSet              
00001229  GPIOPinConfigure              
000014a3  GPIOPinTypeGPIOOutput         
000014e5  GPIOPinTypePWM                
000014f7  GPIOPinTypeUART               
00001585  GPIOPinWrite                  
00001443  PWMGenConfigure               
00001559  PWMGenEnable                  
0000152d  PWMGenPeriodSet               
00001509  PWMOutputState                
00001485  PWMPulseWidthSet              
00001565  ResetISR                      
00000f21  SysCtlClockGet                
00001031  SysCtlClockSet                
0000158b  SysCtlDelay                   
000014bd  SysCtlPWMClockSet             
000013e5  SysCtlPeripheralEnable        
0000133d  SysCtlPeripheralPresent       
00001375  SysCtlPeripheralReady         
00001571  UARTCharGet                   
0000157b  UARTCharPut                   
0000153d  UARTCharsAvail                
00001591  UARTClockSourceSet            
00001271  UARTConfigSetExpClk           
00001465  UARTDisable                   
000014d1  UARTEnable                    
0000026d  UARTStdioConfig               
000003b3  UARTgetc                      
000002f9  UARTgets                      
000006d3  UARTprintf                    
000003d9  UARTvprintf                   
000002b3  UARTwrite                     
20000200  __STACK_END                   
00000200  __STACK_SIZE                  
20000200  __STACK_TOP                   
000016f0  __TI_CINIT_Base               
00001700  __TI_CINIT_Limit              
000016d0  __TI_Handler_Table_Base       
000016dc  __TI_Handler_Table_Limit      
000012b9  __TI_auto_init_nobinit_nopinit
000011c1  __TI_decompress_lzss          
0000154b  __TI_decompress_none          
ffffffff  __TI_pprof_out_hndl           
ffffffff  __TI_prof_data_size           
ffffffff  __TI_prof_data_start          
00000000  __TI_static_base__            
0000151b  __TI_zero_init_nomemset       
00000f1f  __aeabi_idiv0                 
00000f1f  __aeabi_ldiv0                 
00001125  __aeabi_memcpy                
00001125  __aeabi_memcpy4               
00001125  __aeabi_memcpy8               
000012fd  __aeabi_uidiv                 
000012fd  __aeabi_uidivmod              
ffffffff  __binit__                     
ffffffff  __c_args__                    
UNDEFED   __mpu_init                    
20000000  __stack                       
000013ad  _c_int00_noargs               
UNDEFED   _system_post_cinit            
00001597  _system_pre_init              
0000159b  abort                         
ffffffff  binit                         
20000200  c                             
00000da1  check_and_move                
00000917  delayMS                       
00000000  g_pfnVectors                  
000006f7  main                          
00001125  memcpy                        
00000a21  move_b                        
00000941  move_f                        
00000c09  move_l                        
00000b15  move_r                        
0000077d  portA_config                  
00000797  portC_config                  
0000078b  portE_config                  
00000761  portF_config                  
20000210  pwm                           
00000807  pwm_config                    
00000cdd  stop                          
000007b7  uart_config                   


GLOBAL SYMBOLS: SORTED BY Symbol Address 

address   name                          
-------   ----                          
00000000  __TI_static_base__            
00000000  g_pfnVectors                  
00000200  __STACK_SIZE                  
0000026d  UARTStdioConfig               
000002b3  UARTwrite                     
000002f9  UARTgets                      
000003b3  UARTgetc                      
000003d9  UARTvprintf                   
000006d3  UARTprintf                    
000006f7  main                          
00000761  portF_config                  
0000077d  portA_config                  
0000078b  portE_config                  
00000797  portC_config                  
000007b7  uart_config                   
00000807  pwm_config                    
00000917  delayMS                       
00000941  move_f                        
00000a21  move_b                        
00000b15  move_r                        
00000c09  move_l                        
00000cdd  stop                          
00000da1  check_and_move                
00000ded  GPIOPadConfigSet              
00000f1f  __aeabi_idiv0                 
00000f1f  __aeabi_ldiv0                 
00000f21  SysCtlClockGet                
00001031  SysCtlClockSet                
00001125  __aeabi_memcpy                
00001125  __aeabi_memcpy4               
00001125  __aeabi_memcpy8               
00001125  memcpy                        
000011c1  __TI_decompress_lzss          
00001229  GPIOPinConfigure              
00001271  UARTConfigSetExpClk           
000012b9  __TI_auto_init_nobinit_nopinit
000012fd  __aeabi_uidiv                 
000012fd  __aeabi_uidivmod              
0000133d  SysCtlPeripheralPresent       
00001375  SysCtlPeripheralReady         
000013ad  _c_int00_noargs               
000013e5  SysCtlPeripheralEnable        
00001419  GPIODirModeSet                
00001443  PWMGenConfigure               
00001465  UARTDisable                   
00001485  PWMPulseWidthSet              
000014a3  GPIOPinTypeGPIOOutput         
000014bd  SysCtlPWMClockSet             
000014d1  UARTEnable                    
000014e5  GPIOPinTypePWM                
000014f7  GPIOPinTypeUART               
00001509  PWMOutputState                
0000151b  __TI_zero_init_nomemset       
0000152d  PWMGenPeriodSet               
0000153d  UARTCharsAvail                
0000154b  __TI_decompress_none          
00001559  PWMGenEnable                  
00001565  ResetISR                      
00001571  UARTCharGet                   
0000157b  UARTCharPut                   
00001585  GPIOPinWrite                  
0000158b  SysCtlDelay                   
00001591  UARTClockSourceSet            
00001597  _system_pre_init              
0000159b  C$$EXIT                       
0000159b  abort                         
000016d0  __TI_Handler_Table_Base       
000016dc  __TI_Handler_Table_Limit      
000016f0  __TI_CINIT_Base               
00001700  __TI_CINIT_Limit              
20000000  __stack                       
20000200  __STACK_END                   
20000200  __STACK_TOP                   
20000200  c                             
20000210  pwm                           
ffffffff  __TI_pprof_out_hndl           
ffffffff  __TI_prof_data_size           
ffffffff  __TI_prof_data_start          
ffffffff  __binit__                     
ffffffff  __c_args__                    
ffffffff  binit                         
UNDEFED   __mpu_init                    
UNDEFED   _system_post_cinit            

[83 symbols]
